// Jest Snapshot v1, https://goo.gl/fbAQLP

exports[`Team renders as expected 1`] = `
<div
  className="Team Team--full"
>
  <div
    className="Team-Members"
  >
    <div
      className="Team--empty"
    >
      No members yet
    </div>
  </div>
</div>
`;
