// Jest Snapshot v1, https://goo.gl/fbAQLP

exports[`Button renders as expected 1`] = `
<div
  className="Button "
>
  <p
    className="Button-Label"
    onClick={[Function]}
  />
  <div
    className="Button-Inside"
    onClick={[Function]}
  />
</div>
`;
