// Jest Snapshot v1, https://goo.gl/fbAQLP

exports[`XCloseSymbol renders as expected 1`] = `
<symbol
  className="XCloseSymbol"
  id="XCloseSymbol"
  viewBox="0 0 24 24"
>
  <path
    d="M19 6.41L17.59 5 12 10.59 6.41 5 5 6.41 10.59 12 5 17.59 6.41 19 12 13.41 17.59 19 19 17.59 13.41 12z"
    fill="#727E8B"
    fillRule="nonzero"
    id="XCloseSymbol-Path"
  />
</symbol>
`;
