// Jest Snapshot v1, https://goo.gl/fbAQLP

exports[`LightningSVG renders as expected 1`] = `
<svg
  className="LightningSVG"
>
  <use
    xlinkHref="#LightningSymbol"
  />
</svg>
`;
