// Jest Snapshot v1, https://goo.gl/fbAQLP

exports[`App renders as expected 1`] = `
<div
  className="App"
>
  <Header />
  <section
    className="App-Main-Section"
    id="about"
  >
    <div
      className="App-Main-Section-Container"
    >
      <div
        className="App-Main-Section-Info"
      >
        <div
          className="App-Main-Section-Title"
        >
          Cool name for our cool hackathon
        </div>
        <div
          className="App-Main-Section-Date"
        >
          <DateSVG />
          <p>
             12-15 December 2020 
          </p>
        </div>
        <div
          className="App-Main-Section-Location"
        >
          <LocationSVG />
          <p>
             Online 
          </p>
        </div>
        <NavHashLink
          scroll={[Function]}
          smooth={true}
          to="/#registration"
        >
          <Button
            title="Registration"
          />
        </NavHashLink>
      </div>
    </div>
  </section>
  <hr />
  <section
    className="Schedule-Section"
    id="schedule"
  >
    <h1
      className="App-Section-Title"
    >
      Schedule
    </h1>
    <Schedule />
  </section>
  <hr />
  <Registration />
  <hr />
  <section
    className="Inspiration"
    id="inspiration"
  >
    <h1
      className="App-Section-Title"
    >
      Inspiration
    </h1>
  </section>
  <hr />
  <Ideas />
  <hr />
  <section
    id="rules"
  >
    <h1
      className="App-Section-Title"
    >
      Rules
    </h1>
    <Rules />
  </section>
  <hr />
  <SVGSpriteSheet />
  <Footer />
  <hr />
</div>
`;
